Date: 2026-10-07 UTC
[10:56:18.509] weston 13.0.0
               https://wayland.freedesktop.org
               Bug reports to: https://gitlab.freedesktop.org/wayland/weston/issues/
               Build: 13.0.0
[10:56:18.519] Command line: weston --backend=headless --renderer=pixman --socket=wayland-native --idle-time=0 --log=/home/tester/native-evidence/weston.log
[10:56:18.519] OS: Linux, 6.8.0-142-generic, #142-Ubuntu SMP PREEMPT_DYNAMIC Wed Sep  2 14:24:27 UTC 2026, x86_64
[10:56:18.519] Flight recorder: enabled
[10:56:18.527] Starting with no config file.
[10:56:18.534] Output repaint window is 7 ms maximum.
[10:56:18.536] Loading module '/usr/lib/x86_64-linux-gnu/libweston-13/headless-backend.so'
[10:56:18.573] Using Pixman renderer
[10:56:18.574] Registered plugin API 'weston_windowed_output_api_v2' of size 16
[10:56:18.575] Color manager: no-op
[10:56:18.578] Output 'headless' attempts EOTF mode: SDR
[10:56:18.579] Output 'headless' using color profile: stock sRGB color profile
[10:56:18.586] Output 'headless' enabled with head(s) headless
[10:56:18.587] Compositor capabilities:
               arbitrary surface rotation: yes
               screen capture uses y-flip: no
               cursor planes: no
               arbitrary resolutions: no
               view mask clipping: yes
               explicit sync: no
               color operations: no
               presentation clock: CLOCK_MONOTONIC_RAW, id 4
               presentation clock resolution: 0.000000001 s
[10:56:18.590] Loading module '/usr/lib/x86_64-linux-gnu/weston/desktop-shell.so'
[10:56:18.600] launching '/usr/libexec/weston-keyboard'
[10:56:18.606] launching '/usr/libexec/weston-desktop-shell'
[10:57:33.516] caught signal 15
[10:57:33.540] BUG: finalizing a layer with views still on it.
