
(io.busystack.busymark:8399): dbind-WARNING **: 18:42:59.218: AT-SPI: Error retrieving accessibility bus address: org.freedesktop.DBus.Error.AccessDenied: An AppArmor policy prevents this sender from sending this message to this recipient; type="method_call", sender=":1.7" (uid=1000 pid=8399 comm="/snap/busymark/x1/busymark --spelling-release-smok" label="snap.busymark.busymark (enforce)") interface="org.a11y.Bus" member="GetAddress" error name="(unset)" requested_reply="0" destination="org.a11y.Bus" (bus)

(io.busystack.busymark:8399): Atk-CRITICAL **: 18:43:24.845: atk_socket_embed: assertion 'plug_id != NULL' failed
[IMPORTANT:flutter/shell/platform/embedder/embedder_surface_gl_impeller.cc(126)] Using the Impeller rendering backend (OpenGLESSDF).

(io.busystack.busymark:8399): IBUS-WARNING **: 18:43:50.686: Failed to mkdir /home/tester/snap/busymark/x1/.config/ibus/bus: Not a directory

** (io.busystack.busymark:8399): WARNING **: 18:43:50.771: Could not open /sys/class/dmi/id/chassis_type: Failed to open file “/sys/class/dmi/id/chassis_type”: Permission denied

** (io.busystack.busymark:8399): WARNING **: 18:43:50.771: Could not open /sys/firmware/acpi/pm_profile: Failed to open file “/sys/firmware/acpi/pm_profile”: Permission denied
Can't find a11y bus: GDBus.Error:org.freedesktop.DBus.Error.AccessDenied: An AppArmor policy prevents this sender from sending this message to this recipient; type="method_call", sender=":1.6" (uid=1000 pid=8399 comm="/snap/busymark/x1/busymark --spelling-release-smok" label="snap.busymark.busymark (enforce)") interface="org.a11y.Bus" member="GetAddress" error name="(unset)" requested_reply="0" destination="org.a11y.Bus" (bus)

** (process:8593): ERROR **: 18:44:32.833: WebProcess didn't exit as expected after the UI process connection was closed
busymark 0.6.1 installed
Warning: Schema “org.gnome.system.locale” has path “/system/locale/”.  Paths starting with “/apps/”, “/desktop/” or “/system/” are deprecated.
Warning: Schema “org.gnome.system.proxy” has path “/system/proxy/”.  Paths starting with “/apps/”, “/desktop/” or “/system/” are deprecated.
Warning: Schema “org.gnome.system.proxy.http” has path “/system/proxy/http/”.  Paths starting with “/apps/”, “/desktop/” or “/system/” are deprecated.
Warning: Schema “org.gnome.system.proxy.https” has path “/system/proxy/https/”.  Paths starting with “/apps/”, “/desktop/” or “/system/” are deprecated.
Warning: Schema “org.gnome.system.proxy.ftp” has path “/system/proxy/ftp/”.  Paths starting with “/apps/”, “/desktop/” or “/system/” are deprecated.
Warning: Schema “org.gnome.system.proxy.socks” has path “/system/proxy/socks/”.  Paths starting with “/apps/”, “/desktop/” or “/system/” are deprecated.

(io.busystack.busymark:9265): dbind-WARNING **: 18:44:48.412: AT-SPI: Error retrieving accessibility bus address: org.freedesktop.DBus.Error.AccessDenied: An AppArmor policy prevents this sender from sending this message to this recipient; type="method_call", sender=":1.14" (uid=1000 pid=9265 comm="/snap/busymark/x2/busymark --spelling-release-smok" label="snap.busymark.busymark (enforce)") interface="org.a11y.Bus" member="GetAddress" error name="(unset)" requested_reply="0" destination="org.a11y.Bus" (bus)

(io.busystack.busymark:9265): Atk-CRITICAL **: 18:44:59.561: atk_socket_embed: assertion 'plug_id != NULL' failed
[IMPORTANT:flutter/shell/platform/embedder/embedder_surface_gl_impeller.cc(126)] Using the Impeller rendering backend (OpenGLESSDF).

(io.busystack.busymark:9265): IBUS-WARNING **: 18:45:25.166: Failed to mkdir /home/tester/snap/busymark/x2/.config/ibus/bus: Not a directory

** (io.busystack.busymark:9265): WARNING **: 18:45:25.220: Could not open /sys/class/dmi/id/chassis_type: Failed to open file “/sys/class/dmi/id/chassis_type”: Permission denied

** (io.busystack.busymark:9265): WARNING **: 18:45:25.220: Could not open /sys/firmware/acpi/pm_profile: Failed to open file “/sys/firmware/acpi/pm_profile”: Permission denied
Can't find a11y bus: GDBus.Error:org.freedesktop.DBus.Error.AccessDenied: An AppArmor policy prevents this sender from sending this message to this recipient; type="method_call", sender=":1.13" (uid=1000 pid=9265 comm="/snap/busymark/x2/busymark --spelling-release-smok" label="snap.busymark.busymark (enforce)") interface="org.a11y.Bus" member="GetAddress" error name="(unset)" requested_reply="0" destination="org.a11y.Bus" (bus)

** (process:9704): ERROR **: 18:46:04.611: WebProcess didn't exit as expected after the UI process connection was closed
