00:00 +0: loading /home/albert/busystack/busymark/test/src/nextcloud_notes_ui_test.dart
00:00 +0: /home/albert/busystack/busymark/test/src/nextcloud_notes_ui_test.dart: selecting and confirming candidate binds draft and retains newer edits
00:06 +0 -1: /home/albert/busystack/busymark/test/src/nextcloud_notes_ui_test.dart: selecting and confirming candidate binds draft and retains newer edits
00:06 +0 -1: /home/albert/busystack/busymark/test/src/nextcloud_workspace_test.dart: an unsaved independently opened candidate blocks consolidation without orphaning its tab [E]
  Expected: 'unsaved candidate edit'
    Actual: 'wire content'
     Which: is different.
            Expected: unsaved ca ...
              Actual: wire conte ...
                      ^
             Differ at offset 0
  message=Close the downloaded candidate’s editor tabs after preserving their changes, then review again., repository=wire content, buffers=[(f0377467-dffb-4136-8993-60ec0c2cb2ad, wire content, false), (db4d7b63-c914-48d8-aa41-eb780d455c4d, wire content, false)]
  
  package:matcher                                     expect
  package:flutter_test/src/widget_tester.dart 473:18  expect
  test/src/nextcloud_workspace_test.dart 85:7         main.<fn>
  
00:08 +0 -1: /home/albert/busystack/busymark/test/src/nextcloud_notes_ui_test.dart: selecting and confirming candidate binds draft and retains newer edits
══╡ EXCEPTION CAUGHT BY FLUTTER TEST FRAMEWORK ╞════════════════════════════════════════════════════
The following MissingPluginException was thrown running a test:
MissingPluginException(No implementation found for method state on channel yaru_window)

When the exception was thrown, this was the stack:
#0      MethodChannel._invokeMethod (package:flutter/src/services/platform_channel.dart:364:7)
<asynchronous suspension>
#1      MethodChannel.invokeMapMethod (package:flutter/src/services/platform_channel.dart:566:43)
<asynchronous suspension>
#2      YaruWindowMethodChannel._invokeMapMethod.<anonymous closure> (package:yaru_window_platform_interface/src/method_channel.dart:76:15)
<asynchronous suspension>
#3      YaruWindowState.YaruWindowState.fromJson (package:yaru_window_platform_interface/src/state.dart:22:3)
<asynchronous suspension>
#4      YaruWindowInstance.states (package:yaru_window/src/window.dart:216:11)
<asynchronous suspension>

The test description was:
  selecting and confirming candidate binds draft and retains newer edits
════════════════════════════════════════════════════════════════════════════════════════════════════
00:08 +0 -2: /home/albert/busystack/busymark/test/src/nextcloud_notes_ui_test.dart: selecting and confirming candidate binds draft and retains newer edits [E]
  Test failed. See exception logs above.
  The test description was: selecting and confirming candidate binds draft and retains newer edits
  
══╡ EXCEPTION CAUGHT BY FLUTTER TEST FRAMEWORK ╞════════════════════════════════════════════════════
The following MissingPluginException was thrown running a test (but after the test had completed):
MissingPluginException(No implementation found for method state on channel yaru_window)

When the exception was thrown, this was the stack:
#0      MethodChannel._invokeMethod (package:flutter/src/services/platform_channel.dart:364:7)
<asynchronous suspension>
#1      MethodChannel.invokeMapMethod (package:flutter/src/services/platform_channel.dart:566:43)
<asynchronous suspension>
#2      YaruWindowMethodChannel._invokeMapMethod.<anonymous closure> (package:yaru_window_platform_interface/src/method_channel.dart:76:15)
<asynchronous suspension>
#3      YaruWindowState.YaruWindowState.fromJson (package:yaru_window_platform_interface/src/state.dart:22:3)
<asynchronous suspension>
#4      YaruWindowInstance.states (package:yaru_window/src/window.dart:216:11)
<asynchronous suspension>
════════════════════════════════════════════════════════════════════════════════════════════════════
  Test failed. See exception logs above.
  The test description was: selecting and confirming candidate binds draft and retains newer edits
  
══╡ EXCEPTION CAUGHT BY FLUTTER TEST FRAMEWORK ╞════════════════════════════════════════════════════
The following TestFailure was thrown running a test (but after the test had completed):
Expected: <10>
  Actual: <null>
null

When the exception was thrown, this was the stack:
#0      fail (package:matcher/src/expect/expect.dart:187:31)
#1      _expect (package:matcher/src/expect/expect.dart:182:3)
#2      expect (package:matcher/src/expect/expect.dart:65:3)
#3      expect (package:flutter_test/src/widget_tester.dart:473:18)
#4      main.<anonymous closure> (file:///home/albert/busystack/busymark/test/src/nextcloud_notes_ui_test.dart:807:7)
<asynchronous suspension>
#5      testWidgets.<anonymous closure>.<anonymous closure> (package:flutter_test/src/widget_tester.dart:192:15)
<asynchronous suspension>
#6      TestWidgetsFlutterBinding._runTestBody (package:flutter_test/src/binding.dart:1953:5)
<asynchronous suspension>
<asynchronous suspension>
(elided one frame from package:stack_trace)
════════════════════════════════════════════════════════════════════════════════════════════════════
  Test failed. See exception logs above.
  The test description was: selecting and confirming candidate binds draft and retains newer edits
  
00:08 +0 -2: Some tests failed.

Failing tests:
  /home/albert/busystack/busymark/test/src/nextcloud_notes_ui_test.dart: selecting and confirming candidate binds draft and retains newer edits
  /home/albert/busystack/busymark/test/src/nextcloud_workspace_test.dart: an unsaved independently opened candidate blocks consolidation without orphaning its tab
