00:00 +0: loading /home/albert/busystack/busymark/test/src/nextcloud_notes_ui_test.dart
00:00 +0: /home/albert/busystack/busymark/test/src/nextcloud_notes_ui_test.dart: selecting and confirming candidate binds draft and retains newer edits
00:12 +1: /home/albert/busystack/busymark/test/src/nextcloud_notes_ui_test.dart: selecting and confirming candidate binds draft and retains newer edits
══╡ EXCEPTION CAUGHT BY FLUTTER TEST FRAMEWORK ╞════════════════════════════════════════════════════
The following TestFailure was thrown running a test:
Expected: <10>
  Actual: <null>
null

When the exception was thrown, this was the stack:
#4      main.<anonymous closure> (file:///home/albert/busystack/busymark/test/src/nextcloud_notes_ui_test.dart:826:7)
<asynchronous suspension>
#5      testWidgets.<anonymous closure>.<anonymous closure> (package:flutter_test/src/widget_tester.dart:192:15)
<asynchronous suspension>
#6      TestWidgetsFlutterBinding._runTestBody (package:flutter_test/src/binding.dart:1953:5)
<asynchronous suspension>
<asynchronous suspension>
(elided one frame from package:stack_trace)

This was caught by the test expectation on the following line:
  file:///home/albert/busystack/busymark/test/src/nextcloud_notes_ui_test.dart line 826
The test description was:
  selecting and confirming candidate binds draft and retains newer edits
════════════════════════════════════════════════════════════════════════════════════════════════════
00:15 +1 -1: /home/albert/busystack/busymark/test/src/nextcloud_notes_ui_test.dart: selecting and confirming candidate binds draft and retains newer edits [E]
  Test failed. See exception logs above.
  The test description was: selecting and confirming candidate binds draft and retains newer edits
  
00:16 +1 -1: Some tests failed.

Failing tests:
  /home/albert/busystack/busymark/test/src/nextcloud_notes_ui_test.dart: selecting and confirming candidate binds draft and retains newer edits
