00:00 +0: loading /home/albert/busystack/busymark/test/src/nextcloud_notes/notes_creation_policy_test.dart
00:00 +0: exact discovery across refresh reconnect and restart cannot bind or mutate draft
00:01 +0 -1: exact discovery across refresh reconnect and restart cannot bind or mutate draft [E]
  Converting object to an encodable object failed: _Map len:1
  dart:convert                                                     jsonEncode
  test/src/nextcloud_notes/notes_creation_policy_test.dart 139:24  main.<fn>
  
00:01 +0 -1: sanitized discovery across refresh reconnect and restart cannot bind or mutate draft
00:01 +0 -2: sanitized discovery across refresh reconnect and restart cannot bind or mutate draft [E]
  Converting object to an encodable object failed: _Map len:1
  dart:convert                                                     jsonEncode
  test/src/nextcloud_notes/notes_creation_policy_test.dart 139:24  main.<fn>
  
00:01 +0 -2: multiple discovery across refresh reconnect and restart cannot bind or mutate draft
00:01 +0 -3: multiple discovery across refresh reconnect and restart cannot bind or mutate draft [E]
  Converting object to an encodable object failed: _Map len:2
  dart:convert                                                     jsonEncode
  test/src/nextcloud_notes/notes_creation_policy_test.dart 139:24  main.<fn>
  
00:01 +0 -3: none discovery across refresh reconnect and restart cannot bind or mutate draft
00:01 +1 -3: empty discovery across refresh reconnect and restart cannot bind or mutate draft
00:01 +1 -4: empty discovery across refresh reconnect and restart cannot bind or mutate draft [E]
  Converting object to an encodable object failed: _Map len:1
  dart:convert                                                     jsonEncode
  test/src/nextcloud_notes/notes_creation_policy_test.dart 139:24  main.<fn>
  
00:01 +1 -4: other actor discovery across refresh reconnect and restart cannot bind or mutate draft
00:02 +1 -5: other actor discovery across refresh reconnect and restart cannot bind or mutate draft [E]
  Converting object to an encodable object failed: _Map len:1
  dart:convert                                                     jsonEncode
  test/src/nextcloud_notes/notes_creation_policy_test.dart 139:24  main.<fn>
  
00:02 +1 -5: confirmation rejects content candidate and retains unresolved work
00:02 +2 -5: confirmation rejects readonly candidate and retains unresolved work
00:02 +3 -5: confirmation rejects error candidate and retains unresolved work
00:02 +4 -5: confirmation rejects deleted candidate and retains unresolved work
00:02 +5 -5: confirmation rejects unavailable candidate and retains unresolved work
00:02 +6 -5: confirmation revalidates local edit during authenticated GET
00:02 +7 -5: confirmation revalidates account removal during authenticated GET
00:02 +8 -5: confirmation revalidates repeat confirmation during authenticated GET
00:03 +9 -5: binding protects downloaded candidate with durable edit
00:03 +10 -5: binding protects downloaded candidate with pending attachment
00:03 +11 -5: binding protects downloaded candidate with open editor
00:03 +12 -5: failed adoption transaction rolls back binding and downloaded identity
00:03 +13 -5: separate-note decision is durable and repeated confirmation makes one replacement
00:03 +14 -5: Some tests failed.

Failing tests:
  /home/albert/busystack/busymark/test/src/nextcloud_notes/notes_creation_policy_test.dart: empty discovery across refresh reconnect and restart cannot bind or mutate draft
  /home/albert/busystack/busymark/test/src/nextcloud_notes/notes_creation_policy_test.dart: exact discovery across refresh reconnect and restart cannot bind or mutate draft
  /home/albert/busystack/busymark/test/src/nextcloud_notes/notes_creation_policy_test.dart: multiple discovery across refresh reconnect and restart cannot bind or mutate draft
  /home/albert/busystack/busymark/test/src/nextcloud_notes/notes_creation_policy_test.dart: other actor discovery across refresh reconnect and restart cannot bind or mutate draft
  /home/albert/busystack/busymark/test/src/nextcloud_notes/notes_creation_policy_test.dart: sanitized discovery across refresh reconnect and restart cannot bind or mutate draft
