Resolving dependencies...
Downloading packages...
  _fe_analyzer_shared 99.0.0 (109.0.0 available)
  analyzer 12.1.0 (14.5.0 available)
  animated_vector 0.2.2 (0.2.3 available)
  animated_vector_annotations 0.2.2 (0.3.0 available)
  archive 4.0.9 (4.3.0 available)
  assorted_layout_widgets 11.0.0 (13.1.0 available)
  clock 1.1.2 (1.1.3 available)
  code_assets 1.2.1 (2.1.0 available)
  cross_file 0.3.5+4 (0.4.0 available)
  dbus 0.7.13 (0.8.0 available)
  file_selector_android 0.5.2+8 (0.5.2+11 available)
  file_selector_ios 0.5.3+5 (0.5.3+6 available)
  file_selector_linux 0.9.4 (0.9.4+1 available)
  file_selector_macos 0.9.5 (0.9.5+1 available)
  file_selector_windows 0.9.3+5 (0.9.3+6 available)
  flutter_riverpod 3.3.2 (3.4.3 available)
  frontend_server_client 4.0.0 (4.1.0 available)
  glob 2.1.3 (2.2.0 available)
  go_router 17.3.0 (18.0.2 available)
  gsettings 0.2.8 (0.2.9 available)
  html 0.15.6 (0.15.7 available)
  image 4.9.1 (4.10.1 available)
  io 1.0.5 (1.1.0 available)
  jni 1.0.0 (1.1.0 available)
  jni_flutter 1.0.1 (1.0.4+1 available)
  material_color_utilities 0.13.0 (0.13.1 available)
  mime 2.0.0 (2.1.0 available)
  native_toolchain_c 0.19.3 (0.19.5 available)
  objective_c 9.4.1 (9.6.2 available)
  package_config 2.2.0 (3.0.0 available)
  package_info_plus 10.2.1 (10.2.2 available)
  petitparser 7.0.2 (7.1.0 available)
  platform 3.1.6 (3.2.0 available)
  pool 1.5.2 (1.5.3 available)
  posix 6.5.0 (6.5.2 available)
  pub_semver 2.2.0 (2.2.1 available)
  riverpod 3.3.2 (3.4.3 available)
  source_maps 0.10.13 (0.10.14 available)
  stack_trace 1.12.1 (1.12.2 available)
  test 1.31.1 (1.32.0 available)
  test_api 0.7.12 (0.7.14 available)
  test_core 0.6.18 (0.6.20 available)
  ubuntu_localizations 0.5.2+3 (0.5.2+4 available)
  unorm_dart 0.3.2 (0.3.3 available)
  url_launcher 6.3.2 (6.3.3 available)
  url_launcher_android 6.3.32 (6.3.33 available)
  url_launcher_ios 6.4.1 (6.4.2 available)
  url_launcher_linux 3.2.2 (3.2.3 available)
  url_launcher_macos 3.2.5 (3.2.6 available)
  url_launcher_windows 3.1.5 (3.1.6 available)
  vector_graphics 1.2.2 (1.2.3 available)
  vector_graphics_compiler 1.2.6 (1.3.0 available)
  vector_math 2.4.2 (2.4.3 available)
  vm_service 15.2.0 (15.3.0 available)
  win32 6.3.0 (6.4.0 available)
  xml 7.0.1 (7.1.0 available)
  yaml 3.1.3 (3.1.4 available)
  yaru 10.2.0 (11.0.0 available)
Got dependencies!
58 packages have newer versions incompatible with dependency constraints.
Try `flutter pub outdated` for more information.
