00:00 +0: loading /home/albert/busystack/busymark/test/src/nextcloud_capabilities_test.dart
00:00 +0: /home/albert/busystack/busymark/test/src/nextcloud_capabilities_test.dart: accepts stable baseline and ignores future capability fields
00:00 +1: /home/albert/busystack/busymark/test/src/nextcloud_capabilities_test.dart: API 1.4 accepted independently of app version 6.0.0
00:00 +2: /home/albert/busystack/busymark/test/src/nextcloud_capabilities_test.dart: API 1.4 accepted independently of app version 6.0.1
00:00 +3: /home/albert/busystack/busymark/test/src/nextcloud_capabilities_test.dart: API 1.4 accepted independently of app version 6.1.0
00:00 +4: /home/albert/busystack/busymark/test/src/nextcloud_capabilities_test.dart: API 1.4 accepted independently of app version 6.1.2
00:00 +5: /home/albert/busystack/busymark/test/src/nextcloud_capabilities_test.dart: API 1.4 accepted independently of app version null
00:00 +6: /home/albert/busystack/busymark/test/src/nextcloud_capabilities_test.dart: API 1.4 accepted independently of app version 
00:00 +7: /home/albert/busystack/busymark/test/src/nextcloud_capabilities_test.dart: API 1.4 accepted independently of app version malformed
00:00 +8: /home/albert/busystack/busymark/test/src/nextcloud_capabilities_test.dart: API 1.4 accepted independently of app version 42
00:00 +9: /home/albert/busystack/busymark/test/src/nextcloud_capabilities_test.dart: rejects missing Notes and unavailable/old API accurately
00:00 +10: /home/albert/busystack/busymark/test/src/nextcloud_capabilities_test.dart: requests OCS capabilities under prefix with proper Basic and headers
00:00 +11: /home/albert/busystack/busymark/test/src/nextcloud_capabilities_test.dart: authenticated redirects are rejected without following another origin
00:00 +12: /home/albert/busystack/busymark/test/src/nextcloud_capabilities_test.dart: revocation uses documented DELETE and is best effort on non-200
00:03 +13: /home/albert/busystack/busymark/test/src/nextcloud_connection_test.dart: setup stores password only in secret service and metadata in SQLite
00:12 +14: /home/albert/busystack/busymark/test/src/nextcloud_connection_test.dart: setup stores password only in secret service and metadata in SQLite
00:12 +15: /home/albert/busystack/busymark/test/src/nextcloud_connection_test.dart: setup stores password only in secret service and metadata in SQLite
00:12 +16: /home/albert/busystack/busymark/test/src/nextcloud_connection_test.dart: setup stores password only in secret service and metadata in SQLite
00:12 +17: /home/albert/busystack/busymark/test/src/nextcloud_connection_test.dart: setup stores password only in secret service and metadata in SQLite
00:18 +18: /home/albert/busystack/busymark/test/src/nextcloud_connection_test.dart: setup stores password only in secret service and metadata in SQLite
00:18 +19: /home/albert/busystack/busymark/test/src/nextcloud_connection_test.dart: setup stores password only in secret service and metadata in SQLite
00:19 +20: /home/albert/busystack/busymark/test/src/nextcloud_connection_test.dart: setup stores password only in secret service and metadata in SQLite
00:19 +21: /home/albert/busystack/busymark/test/src/nextcloud_connection_test.dart: setup stores password only in secret service and metadata in SQLite
00:19 +22: /home/albert/busystack/busymark/test/src/nextcloud_connection_test.dart: setup stores password only in secret service and metadata in SQLite
00:19 +23: /home/albert/busystack/busymark/test/src/nextcloud_connection_test.dart: setup stores password only in secret service and metadata in SQLite
00:19 +24: /home/albert/busystack/busymark/test/src/nextcloud_connection_test.dart: setup stores password only in secret service and metadata in SQLite
00:19 +25: /home/albert/busystack/busymark/test/src/nextcloud_connection_test.dart: setup stores password only in secret service and metadata in SQLite
00:19 +26: /home/albert/busystack/busymark/test/src/nextcloud_connection_test.dart: setup stores password only in secret service and metadata in SQLite
00:19 +27: /home/albert/busystack/busymark/test/src/nextcloud_connection_test.dart: setup stores password only in secret service and metadata in SQLite
00:19 +28: /home/albert/busystack/busymark/test/src/nextcloud_connection_test.dart: setup stores password only in secret service and metadata in SQLite
00:19 +29: /home/albert/busystack/busymark/test/src/nextcloud_connection_test.dart: setup stores password only in secret service and metadata in SQLite
00:19 +30: /home/albert/busystack/busymark/test/src/nextcloud_connection_test.dart: setup stores password only in secret service and metadata in SQLite
00:19 +31: /home/albert/busystack/busymark/test/src/nextcloud_connection_test.dart: setup stores password only in secret service and metadata in SQLite
00:19 +32: /home/albert/busystack/busymark/test/src/nextcloud_connection_test.dart: setup stores password only in secret service and metadata in SQLite
00:27 +33: /home/albert/busystack/busymark/test/src/nextcloud_connection_test.dart: setup stores password only in secret service and metadata in SQLite
00:27 +34: /home/albert/busystack/busymark/test/src/nextcloud_connection_test.dart: setup stores password only in secret service and metadata in SQLite
00:27 +35: /home/albert/busystack/busymark/test/src/nextcloud_connection_test.dart: setup stores password only in secret service and metadata in SQLite
00:27 +36: /home/albert/busystack/busymark/test/src/nextcloud_connection_test.dart: setup stores password only in secret service and metadata in SQLite
00:28 +37: /home/albert/busystack/busymark/test/src/nextcloud_media_export_test.dart: Markdown local copy owns portable attachments and preserves code and ordinary text
00:29 +38: /home/albert/busystack/busymark/test/src/nextcloud_connection_test.dart: locked keyring fails setup without a plaintext account fallback
00:29 +39: /home/albert/busystack/busymark/test/src/nextcloud_connection_test.dart: locked keyring fails setup without a plaintext account fallback
00:29 +40: /home/albert/busystack/busymark/test/src/nextcloud_media_export_test.dart: generic attachment links are escaped and exported as portable HTML downloads
00:29 +41: /home/albert/busystack/busymark/test/src/nextcloud_connection_test.dart: Notes 6.0.1 connects with API 1.4
00:29 +42: /home/albert/busystack/busymark/test/src/nextcloud_connection_test.dart: Notes 6.0.1 connects with API 1.4
00:29 +43: /home/albert/busystack/busymark/test/src/nextcloud_connection_test.dart: Notes 6.0.1 connects with API 1.4
00:29 +44: /home/albert/busystack/busymark/test/src/nextcloud_connection_test.dart: production setup preserves the HTTPS-specific validation error
00:29 +45: /home/albert/busystack/busymark/test/src/nextcloud_connection_test.dart: unsupported API rolls back secret and revokes new token
00:29 +46: /home/albert/busystack/busymark/test/src/nextcloud_connection_test.dart: setup revokes the grant even if keyring cleanup fails
00:29 +47: /home/albert/busystack/busymark/test/src/nextcloud_connection_test.dart: reconnect preserves stable account identity and pending note cache
00:30 +48: /home/albert/busystack/busymark/test/src/nextcloud_connection_test.dart: different returned login cannot inherit the existing account outbox
00:30 +49: /home/albert/busystack/busymark/test/src/nextcloud_connection_test.dart: failed remote revocation still removes local account and secret
00:30 +50: /home/albert/busystack/busymark/test/src/nextcloud_connection_test.dart: locked keyring during removal retains account for explicit retry
00:35 +51: /home/albert/busystack/busymark/test/src/nextcloud_notes_ui_test.dart: Nextcloud settings route selects its dedicated page
00:41 +52: /home/albert/busystack/busymark/test/src/nextcloud_notes_ui_test.dart: Nextcloud settings route selects its dedicated page
00:41 +53: /home/albert/busystack/busymark/test/src/nextcloud_notes_ui_test.dart: Nextcloud settings route selects its dedicated page
00:41 +54: /home/albert/busystack/busymark/test/src/nextcloud_notes_ui_test.dart: Nextcloud settings route selects its dedicated page
00:41 +55: /home/albert/busystack/busymark/test/src/nextcloud_notes_ui_test.dart: Nextcloud settings route selects its dedicated page
00:41 +56: /home/albert/busystack/busymark/test/src/nextcloud_notes_ui_test.dart: Nextcloud settings route selects its dedicated page
01:05 +56 -1: /home/albert/busystack/busymark/test/src/nextcloud_workspace_test.dart: an unsaved independently opened candidate blocks consolidation without orphaning its tab
01:05 +56 -1: /home/albert/busystack/busymark/test/src/nextcloud_notes_ui_test.dart: Nextcloud settings route selects its dedicated page [E]
  TimeoutException after 0:00:30.000000: Test timed out after 30 seconds. See https://pub.dev/packages/test#timeouts
  dart:isolate  _RawReceivePort._handleMessage
  
  LateInitializationError: Local 'repository' has not been initialized.
  dart:_internal                         LateError._throwLocalNotInitialized
  test/src/nextcloud_notes_ui_test.dart  main.<fn>
  
01:13 +57 -1: /home/albert/busystack/busymark/test/src/nextcloud_notes_ui_test.dart: remote editor tabs retain note titles through metadata rename
01:14 +58 -1: /home/albert/busystack/busymark/test/src/nextcloud_notes_ui_test.dart: remote editor tabs retain note titles through metadata rename
01:14 +59 -1: /home/albert/busystack/busymark/test/src/nextcloud_notes_ui_test.dart: remote editor tabs retain note titles through metadata rename
01:14 +60 -1: /home/albert/busystack/busymark/test/src/nextcloud_notes_ui_test.dart: remote editor tabs retain note titles through metadata rename
01:14 +61 -1: /home/albert/busystack/busymark/test/src/nextcloud_notes_ui_test.dart: remote editor tabs retain note titles through metadata rename
01:15 +62 -1: /home/albert/busystack/busymark/test/src/nextcloud_notes_ui_test.dart: remote editor tabs retain note titles through metadata rename
01:15 +63 -1: /home/albert/busystack/busymark/test/src/nextcloud_notes_ui_test.dart: remote editor tabs retain note titles through metadata rename
01:15 +64 -1: /home/albert/busystack/busymark/test/src/nextcloud_notes_ui_test.dart: remote editor tabs retain note titles through metadata rename
01:16 +65 -1: /home/albert/busystack/busymark/test/src/nextcloud_notes_ui_test.dart: remote editor tabs retain note titles through metadata rename
01:16 +66 -1: /home/albert/busystack/busymark/test/src/nextcloud_notes_ui_test.dart: remote editor tabs retain note titles through metadata rename
01:16 +67 -1: /home/albert/busystack/busymark/test/src/nextcloud_notes_ui_test.dart: remote editor tabs retain note titles through metadata rename
01:16 +68 -1: /home/albert/busystack/busymark/test/src/nextcloud_notes_ui_test.dart: remote editor tabs retain note titles through metadata rename
01:19 +69 -1: /home/albert/busystack/busymark/test/src/nextcloud_notes/notes_creation_policy_test.dart: exact discovery across refresh reconnect and restart cannot bind or mutate draft
01:21 +70 -1: /home/albert/busystack/busymark/test/src/nextcloud_notes/notes_creation_policy_test.dart: exact discovery across refresh reconnect and restart cannot bind or mutate draft
01:21 +71 -1: /home/albert/busystack/busymark/test/src/nextcloud_notes_ui_test.dart: favorites and ancestor category filtering operate on cached notes
01:22 +72 -1: /home/albert/busystack/busymark/test/src/nextcloud_notes_ui_test.dart: favorites and ancestor category filtering operate on cached notes
01:22 +73 -1: /home/albert/busystack/busymark/test/src/nextcloud_notes_ui_test.dart: favorites and ancestor category filtering operate on cached notes
01:22 +74 -1: /home/albert/busystack/busymark/test/src/nextcloud_notes/notes_creation_policy_test.dart: none discovery across refresh reconnect and restart cannot bind or mutate draft
01:23 +75 -1: /home/albert/busystack/busymark/test/src/nextcloud_notes_ui_test.dart: moving the last selected category note clears its filter
01:23 +76 -1: /home/albert/busystack/busymark/test/src/nextcloud_notes/notes_creation_policy_test.dart: empty discovery across refresh reconnect and restart cannot bind or mutate draft
01:23 +77 -1: /home/albert/busystack/busymark/test/src/nextcloud_notes_ui_test.dart: the final category can disappear without hiding uncategorized notes
01:23 +78 -1: /home/albert/busystack/busymark/test/src/nextcloud_notes_ui_test.dart: the final category can disappear without hiding uncategorized notes
01:23 +79 -1: /home/albert/busystack/busymark/test/src/nextcloud_notes/notes_creation_policy_test.dart: confirmation rejects content candidate and retains unresolved work
01:24 +80 -1: /home/albert/busystack/busymark/test/src/nextcloud_notes_ui_test.dart: uncertain attachment controls remain available with fetched remote state
01:24 +81 -1: /home/albert/busystack/busymark/test/src/nextcloud_notes_ui_test.dart: uncertain attachment controls remain available with fetched remote state
01:24 +82 -1: /home/albert/busystack/busymark/test/src/nextcloud_notes_ui_test.dart: uncertain attachment controls remain available with fetched remote state
01:24 +83 -1: /home/albert/busystack/busymark/test/src/nextcloud_notes_ui_test.dart: uncertain attachment controls remain available with fetched remote state
01:24 +84 -1: /home/albert/busystack/busymark/test/src/nextcloud_notes/notes_creation_policy_test.dart: confirmation rejects unavailable candidate and retains unresolved work
01:24 +85 -1: /home/albert/busystack/busymark/test/src/nextcloud_notes_ui_test.dart: read-only metadata stays read-only while favorite is writable and export is explicit
01:25 +86 -1: /home/albert/busystack/busymark/test/src/nextcloud_notes_ui_test.dart: read-only metadata stays read-only while favorite is writable and export is explicit
01:25 +87 -1: /home/albert/busystack/busymark/test/src/nextcloud_notes_ui_test.dart: read-only metadata stays read-only while favorite is writable and export is explicit
01:25 +88 -1: /home/albert/busystack/busymark/test/src/nextcloud_notes/notes_creation_policy_test.dart: confirmation revalidates repeat confirmation during authenticated GET
01:25 +89 -1: /home/albert/busystack/busymark/test/src/nextcloud_notes_ui_test.dart: attachment deletion warns about links and cancellation retains the file
01:25 +90 -1: /home/albert/busystack/busymark/test/src/nextcloud_notes_ui_test.dart: attachment deletion warns about links and cancellation retains the file
01:25 +91 -1: /home/albert/busystack/busymark/test/src/nextcloud_notes_ui_test.dart: attachment deletion warns about links and cancellation retains the file
01:26 +92 -1: /home/albert/busystack/busymark/test/src/nextcloud_notes_ui_test.dart: attachment deletion warns about links and cancellation retains the file
01:26 +93 -1: /home/albert/busystack/busymark/test/src/nextcloud_notes/notes_creation_policy_test.dart: failed adoption transaction rolls back binding and downloaded identity
01:26 +94 -1: /home/albert/busystack/busymark/test/src/nextcloud_notes_ui_test.dart: remote deletion offers explicit discard with a second confirmation
01:26 +95 -1: /home/albert/busystack/busymark/test/src/nextcloud_notes_ui_test.dart: remote deletion offers explicit discard with a second confirmation
01:26 +96 -1: /home/albert/busystack/busymark/test/src/nextcloud_notes_ui_test.dart: merge requires explicit choices for divergent scalar metadata
01:34 +97 -1: /home/albert/busystack/busymark/test/src/nextcloud_notes_ui_test.dart: merge requires explicit choices for divergent scalar metadata
01:35 +98 -1: /home/albert/busystack/busymark/test/src/nextcloud_notes_ui_test.dart: merge requires explicit choices for divergent scalar metadata
01:35 +99 -1: /home/albert/busystack/busymark/test/src/nextcloud_notes/notes_repository_test.dart: unsupported attachment cleanup queues nothing and core updates still sync
01:35 +100 -1: /home/albert/busystack/busymark/test/src/nextcloud_notes_ui_test.dart: read-only favorite conflict offers a safe merge
01:35 +101 -1: /home/albert/busystack/busymark/test/src/nextcloud_notes/notes_repository_test.dart: lost create response requires deliberate adoption for ordinary
01:35 +102 -1: /home/albert/busystack/busymark/test/src/nextcloud_notes_ui_test.dart: uncertain creation lets the user select a candidate
01:36 +103 -1: /home/albert/busystack/busymark/test/src/nextcloud_notes_ui_test.dart: uncertain creation lets the user select a candidate
01:36 +104 -1: /home/albert/busystack/busymark/test/src/nextcloud_notes/notes_repository_test.dart: lost create response requires deliberate adoption for sanitized title
01:36 +105 -1: /home/albert/busystack/busymark/test/src/nextcloud_notes_ui_test.dart: selecting and confirming candidate binds draft and retains newer edits
01:36 +106 -1: /home/albert/busystack/busymark/test/src/nextcloud_notes_ui_test.dart: selecting and confirming candidate binds draft and retains newer edits
01:36 +107 -1: /home/albert/busystack/busymark/test/src/nextcloud_notes_ui_test.dart: selecting and confirming candidate binds draft and retains newer edits
01:36 +108 -1: /home/albert/busystack/busymark/test/src/nextcloud_notes/notes_repository_test.dart: lost create response requires deliberate adoption for restart
01:37 +109 -1: /home/albert/busystack/busymark/test/src/nextcloud_notes_ui_test.dart: forbidden pending changes offer recovery without overwrite
01:37 +110 -1: /home/albert/busystack/busymark/test/src/nextcloud_notes/notes_repository_test.dart: lost create response requires deliberate adoption for restart attachment
01:37 +111 -1: /home/albert/busystack/busymark/test/src/nextcloud_notes_ui_test.dart: unavailable pending changes offer recovery without overwrite
01:38 +112 -1: /home/albert/busystack/busymark/test/src/nextcloud_notes/notes_repository_test.dart: lost create response requires deliberate adoption for restart sanitized attachment
01:38 +113 -1: /home/albert/busystack/busymark/test/src/nextcloud_notes/notes_repository_test.dart: lost create response requires deliberate adoption for ambiguous
01:38 +114 -1: /home/albert/busystack/busymark/test/src/nextcloud_notes/notes_repository_test.dart: lost create response requires deliberate adoption for ambiguous
01:38 +115 -1: /home/albert/busystack/busymark/test/src/nextcloud_notes/notes_repository_test.dart: lost create response requires deliberate adoption for ambiguous
01:38 +116 -1: /home/albert/busystack/busymark/test/src/nextcloud_notes/notes_repository_test.dart: lost create response requires deliberate adoption for ambiguous
01:41 +117 -1: /home/albert/busystack/busymark/test/src/nextcloud_notes/notes_repository_test.dart: lost create response requires deliberate adoption for ambiguous
01:41 +118 -1: /home/albert/busystack/busymark/test/src/nextcloud_notes/notes_repository_test.dart: lost create response requires deliberate adoption for ambiguous
01:41 +119 -1: /home/albert/busystack/busymark/test/src/nextcloud_notes/notes_repository_test.dart: lost create response requires deliberate adoption for ambiguous
01:41 +120 -1: /home/albert/busystack/busymark/test/src/nextcloud_notes/notes_repository_test.dart: lost create response requires deliberate adoption for ambiguous
01:42 +121 -1: /home/albert/busystack/busymark/test/src/nextcloud_notes/notes_repository_test.dart: lost create response requires deliberate adoption for ambiguous
01:42 +122 -1: /home/albert/busystack/busymark/test/src/nextcloud_notes/notes_repository_test.dart: lost create response requires deliberate adoption for ambiguous
01:42 +123 -1: /home/albert/busystack/busymark/test/src/nextcloud_notes/notes_repository_test.dart: lost create response requires deliberate adoption for ambiguous
01:42 +124 -1: /home/albert/busystack/busymark/test/src/nextcloud_notes/notes_repository_test.dart: lost create response requires deliberate adoption for ambiguous
01:42 +125 -1: /home/albert/busystack/busymark/test/src/nextcloud_notes/notes_repository_test.dart: lost create response requires deliberate adoption for ambiguous
01:42 +126 -1: /home/albert/busystack/busymark/test/src/nextcloud_notes/notes_repository_test.dart: lost create response requires deliberate adoption for ambiguous
01:42 +127 -1: /home/albert/busystack/busymark/test/src/nextcloud_notes/notes_repository_test.dart: lost create response requires deliberate adoption for ambiguous
01:42 +128 -1: /home/albert/busystack/busymark/test/src/nextcloud_notes/notes_repository_test.dart: lost create response requires deliberate adoption for ambiguous
01:42 +129 -1: /home/albert/busystack/busymark/test/src/nextcloud_notes/notes_repository_test.dart: lost create response requires deliberate adoption for ambiguous
01:43 +130 -1: /home/albert/busystack/busymark/test/src/nextcloud_notes/notes_repository_test.dart: uncertain creation excludes preexisting IDs and empty weak matches
01:44 +131 -1: /home/albert/busystack/busymark/test/src/nextcloud_notes/notes_repository_test.dart: uncertain creation excludes preexisting IDs and empty weak matches
01:44 +132 -1: /home/albert/busystack/busymark/test/src/nextcloud_notes/notes_repository_test.dart: uncertain creation excludes preexisting IDs and empty weak matches
01:44 +133 -1: /home/albert/busystack/busymark/test/src/nextcloud_notes/notes_repository_test.dart: uncertain creation excludes preexisting IDs and empty weak matches
01:45 +134 -1: /home/albert/busystack/busymark/test/src/nextcloud_notes/notes_repository_test.dart: uncertain creation excludes preexisting IDs and empty weak matches
01:45 +135 -1: /home/albert/busystack/busymark/test/src/nextcloud_notes/notes_repository_test.dart: uncertain creation excludes preexisting IDs and empty weak matches
01:45 +136 -1: /home/albert/busystack/busymark/test/src/nextcloud_notes/notes_repository_test.dart: uncertain creation excludes preexisting IDs and empty weak matches
01:46 +137 -1: /home/albert/busystack/busymark/test/src/nextcloud_notes/notes_repository_test.dart: uncertain creation excludes preexisting IDs and empty weak matches
01:46 +138 -1: /home/albert/busystack/busymark/test/src/nextcloud_notes/notes_api_test.dart: API 1.4 uploads/downloads on ; DELETE independently gated
01:46 +139 -1: /home/albert/busystack/busymark/test/src/nextcloud_notes/notes_repository_test.dart: an exact candidate is not auto-adopted by one of two plausible attempts
01:46 +140 -1: /home/albert/busystack/busymark/test/src/nextcloud_notes/notes_repository_test.dart: an exact candidate is not auto-adopted by one of two plausible attempts
01:46 +141 -1: /home/albert/busystack/busymark/test/src/nextcloud_notes/notes_repository_test.dart: an exact candidate is not auto-adopted by one of two plausible attempts
01:46 +142 -1: /home/albert/busystack/busymark/test/src/nextcloud_notes/notes_repository_test.dart: an exact candidate is not auto-adopted by one of two plausible attempts
01:46 +143 -1: /home/albert/busystack/busymark/test/src/nextcloud_notes/notes_repository_test.dart: an exact candidate is not auto-adopted by one of two plausible attempts
01:46 +144 -1: /home/albert/busystack/busymark/test/src/nextcloud_notes/notes_repository_test.dart: an exact candidate is not auto-adopted by one of two plausible attempts
01:46 +145 -1: /home/albert/busystack/busymark/test/src/nextcloud_notes/notes_repository_test.dart: an exact candidate is not auto-adopted by one of two plausible attempts
01:46 +146 -1: /home/albert/busystack/busymark/test/src/nextcloud_notes/notes_repository_test.dart: an exact candidate is not auto-adopted by one of two plausible attempts
01:46 +147 -1: /home/albert/busystack/busymark/test/src/nextcloud_notes/notes_repository_test.dart: an exact candidate is not auto-adopted by one of two plausible attempts
01:46 +148 -1: /home/albert/busystack/busymark/test/src/nextcloud_notes/notes_repository_test.dart: an exact candidate is not auto-adopted by one of two plausible attempts
01:46 +149 -1: /home/albert/busystack/busymark/test/src/nextcloud_notes/notes_repository_test.dart: an exact candidate is not auto-adopted by one of two plausible attempts
01:46 +150 -1: /home/albert/busystack/busymark/test/src/nextcloud_notes/notes_repository_test.dart: an exact candidate is not auto-adopted by one of two plausible attempts
01:46 +151 -1: /home/albert/busystack/busymark/test/src/nextcloud_notes/notes_repository_test.dart: an exact candidate is not auto-adopted by one of two plausible attempts
01:46 +152 -1: /home/albert/busystack/busymark/test/src/nextcloud_notes/notes_repository_test.dart: an exact candidate is not auto-adopted by one of two plausible attempts
01:46 +153 -1: /home/albert/busystack/busymark/test/src/nextcloud_notes/notes_repository_test.dart: an exact candidate is not auto-adopted by one of two plausible attempts
01:46 +154 -1: /home/albert/busystack/busymark/test/src/nextcloud_notes/notes_repository_test.dart: an exact candidate is not auto-adopted by one of two plausible attempts
01:46 +155 -1: /home/albert/busystack/busymark/test/src/nextcloud_notes/notes_repository_test.dart: an exact candidate is not auto-adopted by one of two plausible attempts
01:46 +156 -1: /home/albert/busystack/busymark/test/src/nextcloud_notes/notes_repository_test.dart: an exact candidate is not auto-adopted by one of two plausible attempts
01:46 +157 -1: /home/albert/busystack/busymark/test/src/nextcloud_notes/notes_repository_test.dart: an exact candidate is not auto-adopted by one of two plausible attempts
01:46 +158 -1: /home/albert/busystack/busymark/test/src/nextcloud_notes/notes_repository_test.dart: an exact candidate is not auto-adopted by one of two plausible attempts
01:46 +159 -1: /home/albert/busystack/busymark/test/src/nextcloud_notes/notes_repository_test.dart: an exact candidate is not auto-adopted by one of two plausible attempts
01:46 +160 -1: /home/albert/busystack/busymark/test/src/nextcloud_notes/notes_repository_test.dart: an exact candidate is not auto-adopted by one of two plausible attempts
01:46 +161 -1: /home/albert/busystack/busymark/test/src/nextcloud_notes/notes_repository_test.dart: an exact candidate is not auto-adopted by one of two plausible attempts
01:46 +162 -1: /home/albert/busystack/busymark/test/src/nextcloud_notes/notes_repository_test.dart: an exact candidate is not auto-adopted by one of two plausible attempts
01:46 +163 -1: /home/albert/busystack/busymark/test/src/nextcloud_notes/notes_repository_test.dart: an exact candidate is not auto-adopted by one of two plausible attempts
01:46 +164 -1: /home/albert/busystack/busymark/test/src/nextcloud_notes/notes_repository_test.dart: an exact candidate is not auto-adopted by one of two plausible attempts
01:46 +165 -1: /home/albert/busystack/busymark/test/src/nextcloud_notes/notes_api_test.dart: create does not publish private staging references
01:46 +166 -1: /home/albert/busystack/busymark/test/src/nextcloud_notes/notes_repository_test.dart: three-way merge preserves remote favorite and independent local edit
01:46 +167 -1: /home/albert/busystack/busymark/test/src/nextcloud_notes/notes_repository_test.dart: three-way merge preserves remote favorite and independent local edit
01:46 +168 -1: /home/albert/busystack/busymark/test/src/nextcloud_notes/notes_repository_test.dart: three-way merge preserves remote favorite and independent local edit
01:48 +169 -1: /home/albert/busystack/busymark/test/src/nextcloud_notes/notes_repository_test.dart: three-way merge preserves remote title and independent local edit
01:53 +170 -1: /home/albert/busystack/busymark/test/src/nextcloud_notes/notes_repository_test.dart: three-way merge preserves remote content and independent local edit
01:53 +171 -1: /home/albert/busystack/busymark/test/src/nextcloud_notes/notes_repository_test.dart: divergent NotesMergeAttribute.title requires explicit choice
01:54 +172 -1: /home/albert/busystack/busymark/test/src/nextcloud_notes/notes_repository_test.dart: divergent NotesMergeAttribute.category requires explicit choice
01:54 +173 -1: /home/albert/busystack/busymark/test/src/nextcloud_notes/notes_repository_test.dart: 412 merge keeps remote protected fields and local favorite on readonly note
01:54 +174 -1: /home/albert/busystack/busymark/test/src/nextcloud_notes/notes_repository_test.dart: readonly conflict accepts an explicit favorite choice when base is absent
01:54 +175 -1: /home/albert/busystack/busymark/test/src/nextcloud_notes/notes_repository_test.dart: schema migration, foreign-key transaction rollback and Linux permissions
01:55 +176 -1: /home/albert/busystack/busymark/test/src/nextcloud_notes/notes_repository_test.dart: durable new note survives restart before any HTTP request
01:55 +177 -1: /home/albert/busystack/busymark/test/src/nextcloud_notes/notes_repository_test.dart: older capture cannot overwrite a newer durable editor revision
01:55 +178 -1: /home/albert/busystack/busymark/test/src/nextcloud_notes/notes_repository_test.dart: metadata revision does not invalidate a new editor capture
01:55 +179 -1: /home/albert/busystack/busymark/test/src/nextcloud_notes/notes_repository_test.dart: account failure is visible even with only synchronized cached notes
01:55 +180 -1: /home/albert/busystack/busymark/test/src/nextcloud_notes/notes_repository_test.dart: attachment delete operation survives offline restart and retains history bytes
01:56 +181 -1: /home/albert/busystack/busymark/test/src/nextcloud_notes/notes_repository_test.dart: taking remote cannot discard a local edit made while fresh GET is pending
01:56 +182 -1: /home/albert/busystack/busymark/test/src/nextcloud_notes/notes_repository_test.dart: revision 10 acknowledgment leaves edit 11 pending during flight
01:56 +183 -1: /home/albert/busystack/busymark/test/src/nextcloud_notes/notes_repository_test.dart: 412 preserves base/local/current remote without overwrite
01:56 +184 -1: /home/albert/busystack/busymark/test/src/nextcloud_notes/notes_repository_test.dart: locked note does not block unrelated synchronization
01:56 +185 -1: /home/albert/busystack/busymark/test/src/nextcloud_notes/notes_repository_test.dart: interrupted chunks preserve notes and previous checkpoint atomically
01:56 +186 -1: /home/albert/busystack/busymark/test/src/nextcloud_notes/notes_repository_test.dart: complete remote disappearance retains dirty content for recovery
01:57 +187 -1: /home/albert/busystack/busymark/test/src/nextcloud_notes/notes_repository_test.dart: server error-state content never replaces known good cached content
01:57 +188 -1: /home/albert/busystack/busymark/test/src/nextcloud_notes/notes_repository_test.dart: pretransition editor capture remains durable when server becomes readonly
01:57 +189 -1: /home/albert/busystack/busymark/test/src/nextcloud_notes/notes_repository_test.dart: uncertain creation never blindly repeats POST after restart
01:57 +190 -1: /home/albert/busystack/busymark/test/src/nextcloud_notes/notes_repository_test.dart: crash-marked create is recovered as uncertain without POST
01:57 +191 -1: /home/albert/busystack/busymark/test/src/nextcloud_notes/notes_repository_test.dart: delete checks fresh state; failed DELETE retains durable content
01:58 +192 -1: /home/albert/busystack/busymark/test/src/nextcloud_notes/notes_repository_test.dart: new offline attachment restart creates/uploads/publishes authoritative path
01:58 +193 -1: /home/albert/busystack/busymark/test/src/nextcloud_notes/notes_repository_test.dart: uploaded attachment stage survives restart and is not uploaded twice
01:58 +194 -1: /home/albert/busystack/busymark/test/src/nextcloud_notes/notes_repository_test.dart: concurrent contexts share one cache owner and deletion invalidates all media
01:59 +195 -1: /home/albert/busystack/busymark/test/src/nextcloud_notes/notes_repository_test.dart: a deliberate re-upload can reuse a deleted attachment filename
01:59 +196 -1: /home/albert/busystack/busymark/test/src/nextcloud_notes/notes_repository_test.dart: own upload acknowledgment does not stale a newer editor capture
01:59 +197 -1: /home/albert/busystack/busymark/test/src/nextcloud_notes/notes_repository_test.dart: media rejects invalid logical IDs and symbolic-link parent
01:59 +198 -1: /home/albert/busystack/busymark/test/src/nextcloud_notes/notes_repository_test.dart: recovery clones durable pending attachments without rewriting prose or code
02:00 +199 -1: /home/albert/busystack/busymark/test/src/nextcloud_notes/notes_repository_test.dart: recovery rewrites shared attachment definitions and refuses unavailable bytes atomically
02:00 +200 -1: /home/albert/busystack/busymark/test/src/nextcloud_notes/notes_repository_test.dart: discard after confirmed remote deletion retains tombstone content and cached bytes
02:00 +201 -1: /home/albert/busystack/busymark/test/src/nextcloud_notes/notes_repository_test.dart: history restoration restages deleted bytes before editing and survives restart
02:00 +202 -1: /home/albert/busystack/busymark/test/src/nextcloud_notes/notes_repository_test.dart: readonly attachment deletion preserves content and attachment bytes
02:00 +203 -1: /home/albert/busystack/busymark/test/src/nextcloud_notes/notes_repository_test.dart: ordinary Save atomically restages a deleted attachment restored by undo
02:01 +204 -1: /home/albert/busystack/busymark/test/src/nextcloud_notes/notes_repository_test.dart: unrelated edits preserve explicit attachment deletion; newly restored links restage
02:02 +205 -1: /home/albert/busystack/busymark/test/src/nextcloud_notes/notes_repository_test.dart: explicit unpublished deletion can retain recovery bytes without uploading
02:02 +206 -1: /home/albert/busystack/busymark/test/src/nextcloud_notes/notes_repository_test.dart: literal private namespace in a new note does not create pending publication
02:02 +207 -1: /home/albert/busystack/busymark/test/src/nextcloud_notes/notes_repository_test.dart: merge and keep-local reject a local edit made during fresh GET
02:02 +208 -1: /home/albert/busystack/busymark/test/src/nextcloud_notes/notes_repository_test.dart: conflict overwrite requires review again when remote changes after comparison
02:03 +209 -1: /home/albert/busystack/busymark/test/src/nextcloud_notes/notes_repository_test.dart: uncertain creation adoption preserves a durably edited downloaded twin
02:03 +210 -1: /home/albert/busystack/busymark/test/src/nextcloud_notes/notes_repository_test.dart: list checkpoint preserves account capabilities refreshed during HTTP
02:03 +211 -1: /home/albert/busystack/busymark/test/src/nextcloud_notes/notes_repository_test.dart: readonly acknowledgment exposes recovery for a newer in-flight local edit
02:03 +212 -1: /home/albert/busystack/busymark/test/src/nextcloud_notes/notes_repository_test.dart: same-ETag readonly transition preserves base/local and exposes recovery
02:03 +213 -1: /home/albert/busystack/busymark/test/src/nextcloud_notes/notes_repository_test.dart: readonly transition still synchronizes a favorite-only pending change
02:04 +214 -1: Some tests failed.

Failing tests:
  /home/albert/busystack/busymark/test/src/nextcloud_notes_ui_test.dart: Nextcloud settings route selects its dedicated page
