dbus-daemon[739764]: [session uid=1000 pid=739764] Activating service name='org.a11y.Bus' requested by ':1.0' (uid=1000 pid=739765 comm="/tmp/busymark-gtk-accent-host.9JEEOy/probe /tmp/bu" label="unconfined")
dbus-daemon[739764]: [session uid=1000 pid=739764] Successfully activated service 'org.a11y.Bus'
dbus-daemon[739764]: [session uid=1000 pid=739764] Activating service name='org.gtk.vfs.Daemon' requested by ':1.2' (uid=1000 pid=739765 comm="/tmp/busymark-gtk-accent-host.9JEEOy/probe /tmp/bu" label="unconfined")
dbus-daemon[739764]: [session uid=1000 pid=739764] Successfully activated service 'org.gtk.vfs.Daemon'
fusermount3: failed to access mountpoint /run/user/1000/gvfs: Permission denied
libEGL warning: DRI3 error: Could not get DRI3 device
libEGL warning: Ensure your X server supports DRI3 to get accelerated rendering
PASS production getAccent method and exact standard-codec payload
dbus-daemon[739774]: Activating service name='org.a11y.atspi.Registry' requested by ':1.0' (uid=1000 pid=739765 comm="/tmp/busymark-gtk-accent-host.9JEEOy/probe /tmp/bu" label="unconfined")
PASS actual event channel replay, live GTK/dark changes and unavailability
PASS channel cancellation and current-state reattachment
PASS host free cancels queued refresh and detaches channel callbacks
embedder.cc (2605): 'FlutterEngineRemoveView' returned 'kInvalidArguments'. Engine handle was invalid.
dbus-daemon[739774]: Successfully activated service 'org.a11y.atspi.Registry'
SpiRegistry daemon is running with well-known name - org.a11y.atspi.Registry
libEGL warning: DRI3 error: Could not get DRI3 device
libEGL warning: Ensure your X server supports DRI3 to get accelerated rendering
embedder.cc (2605): 'FlutterEngineRemoveView' returned 'kInvalidArguments'. Engine handle was invalid.
PASS window-first destruction, subsequent cleanup and no events after shutdown
libEGL warning: DRI3 error: Could not get DRI3 device
libEGL warning: Ensure your X server supports DRI3 to get accelerated rendering
embedder.cc (2605): 'FlutterEngineRemoveView' returned 'kInvalidArguments'. Engine handle was invalid.
PASS view-first destruction, subsequent cleanup and no events after shutdown
PASS Flutter messenger shutdown releases both channel objects
A connection to the bus can't be made
