00:00 +0: loading /home/albert/busystack/busymark/test/src/localization_audit_test.dart
00:00 +0: production Dart does not hardcode obvious user-facing strings
00:00 +1: native Linux GTK user-facing strings are not hardcoded
00:00 +2: Linux package metadata matches supplied target locales
00:00 +3: package metadata uses reviewed product wording in every locale
00:00 +4: duplicate JSON key scanning respects nested object scopes
00:00 +5: ARB catalogs have valid, unique message structure and locale IDs
00:00 +6: all ARBs match the English messages and placeholders
00:00 +7: destructive, save, and Git history actions remain distinct
00:00 +8: English-identical target messages are explicitly reviewed
00:00 +9: Syntax Reference is localized without legacy message keys
00:01 +10: clipboard write failures are localized in every target locale
00:01 +11: Portuguese and Chinese base catalogs contain reviewed UI prose
00:01 +12: completed base-catalog plurals reach their supported branches
00:01 +13: Russian and Ukrainian count messages render every reviewed form
00:01 +14: Portuguese count messages distinguish singular and plural
00:01 +15: Hindi unsaved-document prompt uses saved-state terminology
00:01 +16: RTL translations isolate technical interpolations
00:01 +17: Persian dynamic numbers use Persian digits
00:01 +18: locale resolution considers all preferences and falls back to English
00:01 +19: every selectable locale has a generated catalog
00:01 +20: diagnostics localize at render time from codes and args
00:01 +21: All tests passed!
