could not load cursor 'dnd-move'
could not load cursor 'dnd-copy'
could not load cursor 'dnd-none'
could not load cursor 'dnd-move'
could not load cursor 'dnd-copy'
could not load cursor 'dnd-none'

(io.busystack.busymark:38838): Gdk-WARNING **: 13:49:50.620: Failed to read portal settings: GDBus.Error:org.freedesktop.DBus.Error.UnknownMethod: No such interface “org.freedesktop.portal.Settings” on object at path /org/freedesktop/portal/desktop

(io.busystack.busymark:38838): Gdk-CRITICAL **: 13:49:51.222: gdk_seat_get_keyboard: assertion 'GDK_IS_SEAT (seat)' failed

(io.busystack.busymark:38838): Gdk-CRITICAL **: 13:50:05.021: gdk_seat_get_keyboard: assertion 'GDK_IS_SEAT (seat)' failed
[IMPORTANT:flutter/shell/platform/embedder/embedder_surface_gl_impeller.cc(126)] Using the Impeller rendering backend (OpenGLESSDF).

(io.busystack.busymark:38838): Gdk-CRITICAL **: 13:50:09.254: gdk_seat_get_keyboard: assertion 'GDK_IS_SEAT (seat)' failed

(io.busystack.busymark:38838): IBUS-WARNING **: 13:50:09.304: Failed to mkdir /home/tester/snap/busymark/x5/.config/ibus/bus: Not a directory
Gdk-Message: 13:50:09.330: Unable to load  from the cursor theme

(io.busystack.busymark:38838): Gdk-CRITICAL **: 13:50:10.776: gdk_seat_get_keyboard: assertion 'GDK_IS_SEAT (seat)' failed

** (io.busystack.busymark:38838): WARNING **: 13:50:10.808: Could not open /sys/class/dmi/id/chassis_type: Failed to open file “/sys/class/dmi/id/chassis_type”: Permission denied

** (io.busystack.busymark:38838): WARNING **: 13:50:10.809: Could not open /sys/firmware/acpi/pm_profile: Failed to open file “/sys/firmware/acpi/pm_profile”: Permission denied

(io.busystack.busymark:38838): Gdk-CRITICAL **: 13:50:13.597: gdk_seat_get_keyboard: assertion 'GDK_IS_SEAT (seat)' failed

(process:38943): GLib-GIO-WARNING **: 13:50:14.785: GDBus.Error:org.freedesktop.portal.Error.NotAllowed: This call is not available inside the sandbox

(process:38973): GLib-GIO-WARNING **: 13:50:17.144: GDBus.Error:org.freedesktop.portal.Error.NotAllowed: This call is not available inside the sandbox

(io.busystack.busymark:39129): Gdk-WARNING **: 13:51:20.890: Failed to read portal settings: GDBus.Error:org.freedesktop.DBus.Error.UnknownMethod: No such interface “org.freedesktop.portal.Settings” on object at path /org/freedesktop/portal/desktop

(io.busystack.busymark:39129): Gdk-CRITICAL **: 13:51:21.243: gdk_seat_get_keyboard: assertion 'GDK_IS_SEAT (seat)' failed

(io.busystack.busymark:39129): Gdk-CRITICAL **: 13:51:24.583: gdk_seat_get_keyboard: assertion 'GDK_IS_SEAT (seat)' failed
[IMPORTANT:flutter/shell/platform/embedder/embedder_surface_gl_impeller.cc(126)] Using the Impeller rendering backend (OpenGLESSDF).

(io.busystack.busymark:39129): Gdk-CRITICAL **: 13:51:26.722: gdk_seat_get_keyboard: assertion 'GDK_IS_SEAT (seat)' failed

(io.busystack.busymark:39129): IBUS-WARNING **: 13:51:26.764: Failed to mkdir /home/tester/snap/busymark/x5/.config/ibus/bus: Not a directory
Gdk-Message: 13:51:26.780: Unable to load  from the cursor theme

(io.busystack.busymark:39129): Gdk-CRITICAL **: 13:51:27.700: gdk_seat_get_keyboard: assertion 'GDK_IS_SEAT (seat)' failed

** (io.busystack.busymark:39129): WARNING **: 13:51:27.721: Could not open /sys/class/dmi/id/chassis_type: Failed to open file “/sys/class/dmi/id/chassis_type”: Permission denied

** (io.busystack.busymark:39129): WARNING **: 13:51:27.721: Could not open /sys/firmware/acpi/pm_profile: Failed to open file “/sys/firmware/acpi/pm_profile”: Permission denied

(io.busystack.busymark:39129): Gdk-CRITICAL **: 13:51:29.594: gdk_seat_get_keyboard: assertion 'GDK_IS_SEAT (seat)' failed

(process:39227): GLib-GIO-WARNING **: 13:51:36.574: GDBus.Error:org.freedesktop.portal.Error.NotAllowed: This call is not available inside the sandbox

(process:39246): GLib-GIO-WARNING **: 13:51:37.985: GDBus.Error:org.freedesktop.portal.Error.NotAllowed: This call is not available inside the sandbox

(io.busystack.busymark:39129): Gdk-CRITICAL **: 13:52:05.176: gdk_seat_get_keyboard: assertion 'GDK_IS_SEAT (seat)' failed

(io.busystack.busymark:39129): Gdk-CRITICAL **: 13:52:47.182: gdk_seat_get_keyboard: assertion 'GDK_IS_SEAT (seat)' failed
