2b7c2a7b91a9aa7cbb7f23d35186e59a46173446b95ca9a14ddb5f667ca592ce  /var/lib/snapd/snaps/busymark_x2.snap
87acd7e0dc6ebe33a6c06a9d57d22954cfb5db18e7e99a2537908055ee7e8013  /snap/busymark/x2/lib/libapp.so
   snap.busymark.busymark
   snap.busymark.hook.configure
   /snap/busymark/x2/busymark (25544) snap.busymark.busymark
   /usr/lib/x86_64-linux-gnu/webkit2gtk-4.1/WebKitNetworkProcess (25750) snap.busymark.busymark
   /usr/lib/x86_64-linux-gnu/webkit2gtk-4.1/WebKitWebProcess (25783) snap.busymark.busymark
   /usr/lib/x86_64-linux-gnu/webkit2gtk-4.1/WebKitNetworkProcess (25786) snap.busymark.busymark
Interface                 Plug                               Slot                            Notes
audio-playback            busymark:audio-playback            :audio-playback                 -
browser-support           busymark:browser-support           :browser-support                -
content[gnome-46-2404]    busymark:gnome-46-2404             gnome-46-2404:gnome-46-2404     -
content[gpu-2404]         busymark:gpu-2404                  mesa-2404:gpu-2404              -
content[gtk-3-themes]     busymark:gtk-3-themes              gtk-common-themes:gtk-3-themes  -
content[icon-themes]      busymark:icon-themes               gtk-common-themes:icon-themes   -
content[sound-themes]     busymark:sound-themes              gtk-common-themes:sound-themes  -
desktop                   busymark:desktop                   :desktop                        -
desktop-legacy            busymark:desktop-legacy            :desktop-legacy                 -
gsettings                 busymark:gsettings                 :gsettings                      -
home                      busymark:home                      :home                           -
network                   busymark:network                   -                               -
opengl                    busymark:opengl                    :opengl                         -
password-manager-service  busymark:password-manager-service  :password-manager-service       manual
removable-media           busymark:removable-media           -                               -
ssh-keys                  busymark:ssh-keys                  -                               -
wayland                   busymark:wayland                   :wayland                        -
x11                       busymark:x11                       :x11                            -
