Get:1 http://archive.ubuntu.com/ubuntu noble InRelease [256 kB]
Get:2 http://archive.ubuntu.com/ubuntu noble-updates InRelease [126 kB]
Get:3 http://archive.ubuntu.com/ubuntu noble-backports InRelease [126 kB]
Get:4 http://archive.ubuntu.com/ubuntu noble/universe amd64 Packages [19.3 MB]
Get:5 http://security.ubuntu.com/ubuntu noble-security InRelease [126 kB]
Get:6 http://archive.ubuntu.com/ubuntu noble/multiverse amd64 Packages [331 kB]
Get:7 http://archive.ubuntu.com/ubuntu noble/restricted amd64 Packages [117 kB]
Get:8 http://archive.ubuntu.com/ubuntu noble/main amd64 Packages [1808 kB]
Get:9 http://archive.ubuntu.com/ubuntu noble-updates/main amd64 Packages [1701 kB]
Get:10 http://archive.ubuntu.com/ubuntu noble-updates/multiverse amd64 Packages [56.2 kB]
Get:11 http://archive.ubuntu.com/ubuntu noble-updates/universe amd64 Packages [2165 kB]
Get:12 http://archive.ubuntu.com/ubuntu noble-updates/restricted amd64 Packages [2138 kB]
Get:13 http://archive.ubuntu.com/ubuntu noble-backports/main amd64 Packages [49.0 kB]
Get:14 http://archive.ubuntu.com/ubuntu noble-backports/universe amd64 Packages [36.0 kB]
Get:15 http://archive.ubuntu.com/ubuntu noble-backports/multiverse amd64 Packages [671 B]
Get:16 http://security.ubuntu.com/ubuntu noble-security/universe amd64 Packages [1545 kB]
Get:17 http://security.ubuntu.com/ubuntu noble-security/multiverse amd64 Packages [50.0 kB]
Get:18 http://security.ubuntu.com/ubuntu noble-security/main amd64 Packages [1323 kB]
Get:19 http://security.ubuntu.com/ubuntu noble-security/restricted amd64 Packages [1943 kB]
Fetched 33.2 MB in 5s (6815 kB/s)
Reading package lists...
Cleaning all parts
Failed to pull source: unable to determine source type of '/usr/share/snapcraft/extensions/desktop/command-chain'.
Full execution log: '/root/.local/state/snapcraft/log/snapcraft-20261007-101447.479536.log'
