00:00 +0: loading /home/albert/busystack/busymark/test/src/nextcloud_notes_ui_test.dart
00:00 +0: selecting and confirming candidate binds draft and retains newer edits
debug: tapping confirm
debug: tapped confirm
debug: iteration 0 pumping
debug: iteration 0 waiting
debug: iteration 1 pumping
debug: candidate GET
debug: iteration 1 waiting
debug: iteration 2 pumping
debug: iteration 2 waiting
debug: iteration 3 pumping
debug: iteration 3 waiting
debug: iteration 4 pumping
debug: iteration 4 waiting
unhandled error during finalization of test:
/home/albert/busystack/busymark/test/src/nextcloud_notes_ui_test.dart
PathNotFoundException: Deletion failed, path = '/tmp/flutter_tools.TOVRSC/flutter_test_listener.ILVVKQ' (OS Error: No such file or directory, errno = 2)
#0      _Directory._deleteSync (dart:io/directory_impl.dart:216:7)
#1      FileSystemEntity.deleteSync (dart:io/file_system_entity.dart:425:7)
#2      ForwardingFileSystemEntity.deleteSync (package:file/src/forwarding/forwarding_file_system_entity.dart:70:16)
#3      ErrorHandlingDirectory.deleteSync.<anonymous closure> (package:flutter_tools/src/base/error_handling_io.dart:717:22)
#4      _runSync (package:flutter_tools/src/base/error_handling_io.dart:1118:16)
#5      ErrorHandlingDirectory.deleteSync (package:flutter_tools/src/base/error_handling_io.dart:716:12)
#6      FlutterPlatform._createListenerDart.<anonymous closure> (package:flutter_tools/src/test/flutter_platform.dart:786:15)
#7      FlutterPlatform._startTest.finalize (package:flutter_tools/src/test/flutter_platform.dart:591:26)
<asynchronous suspension>
#8      asyncGuard.<anonymous closure> (package:flutter_tools/src/base/async_guard.dart:108:24)
<asynchronous suspension>

03:52 +0: selecting and confirming candidate binds draft and retains newer edits - did not complete [E]
03:52 +0: Some tests failed.

Failing tests:
  /home/albert/busystack/busymark/test/src/nextcloud_notes_ui_test.dart: selecting and confirming candidate binds draft and retains newer edits (did not complete)
